http://www.vasp.at/vasp-workshop/examples/1_1_O_atom.tgz
http://www.vasp.at/vasp-workshop/examples/1_2_O_atomspin.tgz
http://www.vasp.at/vasp-workshop/examples/1_3_O_atomspinlowsym.tgz
http://www.vasp.at/vasp-workshop/examples/1_4_Odimer.tgz
http://www.vasp.at/vasp-workshop/examples/1_5_CO.tgz
http://www.vasp.at/vasp-workshop/examples/1_6_COvib.tgz
http://www.vasp.at/vasp-workshop/examples/1_7_H2O.tgz
http://www.vasp.at/vasp-workshop/examples/1_8_H2Ovib.tgz
http://www.vasp.at/vasp-workshop/examples/1_9_COstates.tgz
http://www.vasp.at/vasp-workshop/examples/1_10_H2Omd.tgz
http://www.vasp.at/vasp-workshop/examples/2_1_fccSi.tgz
http://www.vasp.at/vasp-workshop/examples/2_2_fccSi_dos.tgz
http://www.vasp.at/vasp-workshop/examples/2_3_fccSi_band.tgz
http://www.vasp.at/vasp-workshop/examples/2_4_diamondSi.tgz
http://www.vasp.at/vasp-workshop/examples/2_4_diamondSi_vol_rex.tgz
http://www.vasp.at/vasp-workshop/examples/2_5_beta-tinSi.tgz
http://www.vasp.at/vasp-workshop/examples/2_6_diamond_relax_Si.tgz
http://www.vasp.at/vasp-workshop/examples/2_7_fccNi.tgz
http://www.vasp.at/vasp-workshop/examples/2_8_fccNi_dos.tgz
http://www.vasp.at/vasp-workshop/examples/Si_liquid.tgz
http://www.vasp.at/vasp-workshop/examples/3_1_Ni100clean_rel.tgz
http://www.vasp.at/vasp-workshop/examples/3_2_Ni100clean_LDOS.tgz
http://www.vasp.at/vasp-workshop/examples/3_3_Ni100clean_BAND.tgz
http://www.vasp.at/vasp-workshop/examples/3_4_Ni111clean_rel.tgz
http://www.vasp.at/vasp-workshop/examples/3_5_COonNi111_rel.tgz
http://www.vasp.at/vasp-workshop/examples/3_6_Ni111clean_400eV.tgz
http://www.vasp.at/vasp-workshop/examples/3_7_COonNi111_LDOS.tgz
http://www.vasp.at/vasp-workshop/examples/3_8_COonNi111_freq.tgz
http://www.vasp.at/vasp-workshop/example/Pt_NEB_fast.tgz
http://www.vasp.at/vasp-workshop/examples/Pt_NEB.tgz
http://www.vasp.at/vasp-workshop/examples/Pt_NEB.tgz
http://www.vasp.at/vasp-workshop/examples/Pt_NEB_fast.tgz
http://www.vasp.at/vasp-workshop/examples/4_1_Ni.tgz
http://www.vasp.at/vasp-workshop/examples/4_2_NiO.tgz
http://www.vasp.at/vasp-workshop/examples/4_3_NiO_LSDA+U.tgz
http://www.vasp.at/vasp-workshop/examples/4_4_SOI_Fe.tgz
http://www.vasp.at/vasp-workshop/examples/4_4_SOI_Ni.tgz
http://www.vasp.at/vasp-workshop/examples/4_5_Fe_dimer.tgz
http://www.vasp.at/vasp-workshop/examples/5_1_Si_Hybrids.tgz
http://www.vasp.at/vasp-workshop/examples/5_2_MgO_mixing.tgz
http://www.vasp.at/vasp-workshop/examples/5_3_fccNi_DOS.tgz
http://www.vasp.at/vasp-workshop/examples/5_4_Si_bandstructure.tgz
http://www.vasp.at/vasp-workshop/examples/SiC_dielectric.tgz
http://www.vasp.at/vasp-workshop/examples/Si_dielectric.tgz
http://www.vasp.at/vasp-workshop/examples/Si_bandgap_GW.tgz
http://www.vasp.at/vasp-workshop/examples/Si_bandstructure_GW.tgz
http://www.vasp.at/vasp-workshop/examples/SrVO3.tgz
